============================= test session starts =============================
platform win32 -- Python 3.12.3, pytest-9.0.3, pluggy-1.6.0
PyQt5 5.15.11 -- Qt runtime 5.15.2 -- Qt compiled 5.15.2
rootdir: C:\Users\preet\PROJECTS\ClickBit
plugins: anyio-4.13.0, mock-3.15.1, qt-4.5.0
collected 20 items

tests\test_browser_agent.py ...                                          [ 15%]
tests\test_executor.py .s                                                [ 25%]
tests\test_observer.py ...
